cJSON.c:140:17:parse_hex4	4	static
cJSON.c:215:14:print_string_ptr	32	static
cJSON.c:155:20:parse_string.isra.0	40	static
cJSON.c:302:14:print_value	80	static
cJSON.c:37:13:cJSON_GetErrorPtr	0	static
cJSON.c:60:6:cJSON_InitHooks	0	static
cJSON.c:81:6:cJSON_Delete	88	static
cJSON.c:96:13:parse_number	40	static
cJSON.c:287:20:parse_value.part.4	32	static
cJSON.c:264:8:cJSON_ParseWithOpts	24	static
cJSON.c:280:8:cJSON_Parse	16	static
cJSON.c:283:7:cJSON_Print	64	static
cJSON.c:284:7:cJSON_PrintUnformatted	64	static
cJSON.c:510:5:cJSON_GetArraySize	0	static
cJSON.c:511:8:cJSON_GetArrayItem	0	static
cJSON.c:512:8:cJSON_GetObjectItem	16	static
cJSON.c:520:6:cJSON_AddItemToArray	0	static
cJSON.c:521:6:cJSON_AddItemToObject	24	static
cJSON.c:522:6:cJSON_AddItemReferenceToArray	24	static
cJSON.c:523:6:cJSON_AddItemReferenceToObject	24	static
cJSON.c:525:8:cJSON_DetachItemFromArray	4	static
cJSON.c:527:6:cJSON_DeleteItemFromArray	16	static
cJSON.c:528:8:cJSON_DetachItemFromObject	24	static
cJSON.c:529:6:cJSON_DeleteItemFromObject	24	static
cJSON.c:532:6:cJSON_ReplaceItemInArray	16	static
cJSON.c:535:6:cJSON_ReplaceItemInObject	32	static
cJSON.c:538:8:cJSON_CreateNull	8	static
cJSON.c:539:8:cJSON_CreateTrue	8	static
cJSON.c:540:8:cJSON_CreateFalse	8	static
cJSON.c:541:8:cJSON_CreateBool	16	static
cJSON.c:542:8:cJSON_CreateNumber	16	static
cJSON.c:543:8:cJSON_CreateString	24	static
cJSON.c:544:8:cJSON_CreateArray	8	static
cJSON.c:545:8:cJSON_CreateObject	8	static
cJSON.c:548:8:cJSON_CreateIntArray	48	static
cJSON.c:549:8:cJSON_CreateFloatArray	48	static
cJSON.c:550:8:cJSON_CreateDoubleArray	48	static
cJSON.c:551:8:cJSON_CreateStringArray	48	static
cJSON.c:554:8:cJSON_Duplicate	32	static
cJSON.c:581:6:cJSON_Minify	0	static
