ff.c:1740:6:get_fileinfo	24	static
ff.c:760:9:sync_window.part.1	24	static
ff.c:786:9:move_window	24	static
ff.c:812:9:sync_fs	24	static
ff.c:2172:9:find_volume	40	static
ff.c:916:9:put_fat.part.6	40	static
ff.c:979:9:remove_chain.part.8	40	static
ff.c:870:7:get_fat.part.5	40	static
ff.c:1122:9:dir_sdi	16	static
ff.c:1032:7:create_chain	48	static
ff.c:1170:9:dir_next	32	static
ff.c:1495:9:dir_find.part.7	56	static
ff.c:1615:9:dir_register	72	static
ff.c:2022:9:follow_path	48	static
ff.c:1556:9:dir_read.constprop	40	static
ff.c:1693:9:dir_remove	48	static
ff.c:852:7:clust2sect	0	static
ff.c:870:7:get_fat	40	static
ff.c:916:9:put_fat	40	static
ff.c:2376:9:f_mount	32	static
ff.c:2426:9:f_open	96	static
ff.c:2561:9:f_read	40	static
ff.c:2662:9:f_write	48	static
ff.c:2784:9:f_sync	32	static
ff.c:2833:9:f_close	32	static
ff.c:3005:9:f_lseek	24	static
ff.c:3163:9:f_opendir	48	static
ff.c:3219:9:f_closedir	8	static
ff.c:3251:9:f_readdir	32	static
ff.c:3293:9:f_stat	88	static
ff.c:3328:9:f_getfree	56	static
ff.c:3395:9:f_truncate	16	static
ff.c:3451:9:f_unlink	120	static
ff.c:3521:9:f_mkdir	136	static
ff.c:3595:9:f_chmod	96	static
ff.c:3638:9:f_utime	88	static
ff.c:3680:9:f_rename	144	static
ff.c:3987:9:f_mkfs	72	static
