hci_board.c:86:5:MAC_Id_Read	48	static
hci_board.c:129:5:hci_rtk_parse_config	56	static
hci_board.c:374:10:hci_rtk_combine_config	24	static
hci_board.c:402:10:fix_config_len	0	static
hci_board.c:408:5:hci_rtk_find_patch	88	static
hci_board.c:589:6:hci_uart_out	8	static
hci_board.c:609:6:bt_dump_iqk	8	static
hci_board.c:620:5:hci_read_efuse	16	static
hci_board.c:661:5:hci_board_init	8	static
hci_board.c:694:6:bt_power_on	0	static
hci_board.c:699:6:bt_power_off	8	static
hci_board.c:706:6:hci_normal_start	8	static
hci_board.c:716:6:bt_reset	16	static
hci_board.c:745:6:bt_only_enable_func	8	static
hci_board.c:777:6:bt_enable_func_uart_only	8	static
hci_board.c:799:5:bt_iqk_efuse_valid	8	static
hci_board.c:849:5:bt_iqk_logic_efuse_valid	8	static
hci_board.c:872:5:bt_check_iqk	40	static
hci_board.c:935:5:hci_start_iqk	16	static
hci_board.c:965:5:bt_mp_driver_init_done	0	static
hci_board.c:970:5:hci_board_complete	8	static
hci_board.c:983:6:bt_write_lgc_efuse_value	24	static
