dhcp.c:1874:1:dhcp_create_msg	24	static
dhcp.c:1022:1:dhcp_discover	48	static
dhcp.c:1085:1:dhcp_bind	16	static
dhcp.c:609:1:dhcp_handle_ack.isra.6	24	static
dhcp.c:1874:1:dhcp_create_msg.constprop	24	static
dhcp.c:359:1:dhcp_select	40	static
dhcp.c:1750:1:dhcp_recv	80	static
dhcp.c:1297:1:dhcp_reboot	48	static
dhcp.c:700:1:dhcp_set_struct	16	static
dhcp.c:721:6:dhcp_cleanup	8	static
dhcp.c:745:1:dhcp_start	32	static
dhcp.c:853:1:dhcp_inform	104	static
dhcp.c:895:1:dhcp_network_changed	16	static
dhcp.c:940:1:dhcp_arp_reply	32	static
dhcp.c:1195:1:dhcp_renew	48	static
dhcp.c:1352:1:dhcp_release	40	static
dhcp.c:424:1:dhcp_coarse_tmr	48	static
dhcp.c:468:1:dhcp_fine_tmr	24	static
dhcp.c:1415:1:dhcp_stop	16	static
dhcp.c:2023:1:dhcp_supplied_address	0	static
