ftl.c:1088:10:ftl_load_from_storage_i.part.4	64	static
ftl.c:115:10:ftl_page_read	24	static
ftl.c:136:6:ftl_flash_write	24	static
ftl.c:145:6:ftl_flash_erase_sector	16	static
ftl.c:156:10:ftl_page_write	48	static
ftl.c:184:9:ftl_get_page_seq	24	static
ftl.c:194:9:ftl_key_get_length	0	static
ftl.c:209:10:ftl_key_init	0	static
ftl.c:225:10:ftl_check_logical_addr	8	static
ftl.c:245:10:ftl_page_is_valid	24	static
ftl.c:263:9:ftl_get_free_page_count	48	static
ftl.c:293:10:ftl_get_page_end_position	32	static
ftl.c:314:9:ftl_get_prev_page	48	static
ftl.c:361:9:ftl_page_can_addr_drop	12	static
ftl.c:432:9:ftl_page_get_oldest	64	static
ftl.c:632:6:ftl_set_page_end_position	40	static
ftl.c:645:6:ftl_page_erase	48	static
ftl.c:666:6:ftl_page_format	48	static
ftl.c:809:10:read_mapping_table	8	static
ftl.c:822:6:write_mapping_table	12	static
ftl.c:1124:10:ftl_write.part.5	80	static
ftl.c:476:10:ftl_page_garbage_collect_Imp	80	static
ftl.c:579:9:ftl_page_garbage_collect	24	static
ftl.c:614:6:ftl_garbage_collect_in_idle	32	static
ftl.c:703:6:ftl_recover_from_power_lost.part.7	72	static
ftl.c:703:6:ftl_recover_from_power_lost	48	static
ftl.c:856:10:ftl_read	48	static
ftl.c:994:10:ftl_save_to_storage_i	16	static
ftl.c:1081:32:ftl_save_to_storage	16	static
ftl.c:1088:10:ftl_load_from_storage_i	8	static
ftl.c:1124:10:ftl_write	0	static
ftl.c:1248:32:ftl_load_from_storage	8	static
ftl.c:1253:10:ftl_ioctl	72	static
ftl.c:1532:6:ftl_mapping_table_init	56	static
ftl.c:1385:10:ftl_init	72	static
