epb.c:73:12:epb_get_tag_value_offset	16	static
epb.c:141:6:epb_unpack_init	0	static
epb.c:147:5:epb_has_tag	8	static
epb.c:160:10:epb_get_uint32	16	static
epb.c:173:9:epb_get_int32	16	static
epb.c:178:9:epb_get_sint32	16	static
epb.c:191:5:epb_get_bool	16	static
epb.c:196:5:epb_get_enum	16	static
epb.c:201:16:epb_get_bytes	24	static
epb.c:216:13:epb_get_string	24	static
epb.c:221:16:epb_get_message	24	static
epb.c:226:10:epb_get_fixed32	16	static
epb.c:237:9:epb_get_sfixed32	16	static
epb.c:298:6:epb_pack_init	0	static
epb.c:305:5:epb_get_packed_size	0	static
epb.c:310:5:epb_set_uint32	32	static
epb.c:324:5:epb_set_int32	32	static
epb.c:329:5:epb_set_sint32	32	static
epb.c:335:5:epb_set_bool	12	static
epb.c:340:5:epb_set_enum	32	static
epb.c:375:5:epb_set_bytes	40	static
epb.c:393:5:epb_set_string	40	static
epb.c:398:5:epb_set_message	40	static
epb.c:403:5:epb_set_fixed32	12	static
epb.c:417:5:epb_set_sfixed32	12	static
epb.c:428:5:epb_varint32_pack_size	0	static
epb.c:446:5:epb_fixed32_pack_size	0	static
epb.c:451:5:epb_length_delimited_pack_size	0	static
