cipher_wrap.c:1320:13:arc4_ctx_free	8	static
cipher_wrap.c:1307:15:arc4_ctx_alloc	8	static
cipher_wrap.c:1296:12:arc4_setkey_wrap	8	static
cipher_wrap.c:1289:12:arc4_crypt_stream_wrap	0	static
cipher_wrap.c:228:13:aes_ctx_free	8	static
cipher_wrap.c:216:15:aes_ctx_alloc	8	static
cipher_wrap.c:204:12:aes_setkey_dec_wrap	0	static
cipher_wrap.c:210:12:aes_setkey_enc_wrap	0	static
cipher_wrap.c:185:12:aes_crypt_ctr_wrap	48	static
cipher_wrap.c:165:12:aes_crypt_cfb128_wrap	48	static
cipher_wrap.c:146:12:aes_crypt_cbc_wrap	40	static
cipher_wrap.c:130:12:aes_crypt_ecb_wrap	24	static
