ssl_tls.c:5006:13:ssl_calc_finished_tls_sha256	200	static
ssl_tls.c:1092:6:ssl_calc_verify_tls_sha256	144	static
ssl_tls.c:406:12:tls_prf_generic	264	static
ssl_tls.c:470:12:tls_prf_sha256	32	static
ssl_tls.c:481:12:tls_prf_sha384	32	static
ssl_tls.c:308:12:tls1_prf	224	static
ssl_tls.c:5055:13:ssl_calc_finished_tls_sha384	312	static
ssl_tls.c:1113:6:ssl_calc_verify_tls_sha384	248	static
ssl_tls.c:4946:13:ssl_calc_finished_tls	264	static
ssl_tls.c:1064:6:ssl_calc_verify_tls	216	static
ssl_tls.c:1619:12:ssl_decrypt_buf	144	static
ssl_tls.c:4844:13:ssl_update_checksum_sha256	0	static
ssl_tls.c:4852:13:ssl_update_checksum_sha384	0	static
ssl_tls.c:4834:13:ssl_update_checksum_md5sha1	16	static
ssl_tls.c:4814:13:ssl_update_checksum_start	16	static
ssl_tls.c:5448:12:ssl_handshake_init	32	static
ssl_tls.c:523:5:mbedtls_ssl_derive_keys	400	static
ssl_tls.c:2282:5:mbedtls_ssl_fetch_input	56	static
ssl_tls.c:2524:5:mbedtls_ssl_flush_output	40	static
ssl_tls.c:2819:5:mbedtls_ssl_write_record	72	static
ssl_tls.c:3200:5:mbedtls_ssl_prepare_handshake_record	40	static
ssl_tls.c:3285:6:mbedtls_ssl_update_handshake_status	4	static
ssl_tls.c:3880:5:mbedtls_ssl_read_record	56	static
ssl_tls.c:3914:5:mbedtls_ssl_read_record_layer	48	static
ssl_tls.c:4099:5:mbedtls_ssl_handle_message_type	40	static
ssl_tls.c:4165:5:mbedtls_ssl_send_fatal_handshake_failure	24	static
ssl_tls.c:4179:5:mbedtls_ssl_send_alert_message	32	static
ssl_tls.c:4256:5:mbedtls_ssl_write_certificate	40	static
ssl_tls.c:4380:5:mbedtls_ssl_parse_certificate	48	static
ssl_tls.c:4666:5:mbedtls_ssl_write_change_cipher_spec	24	static
ssl_tls.c:4689:5:mbedtls_ssl_parse_change_cipher_spec	24	static
ssl_tls.c:4768:6:mbedtls_ssl_optimize_checksum	0	static
ssl_tls.c:4797:6:mbedtls_ssl_reset_checksum	8	static
ssl_tls.c:5129:6:mbedtls_ssl_handshake_wrapup	32	static
ssl_tls.c:5191:5:mbedtls_ssl_write_finished	24	static
ssl_tls.c:5315:5:mbedtls_ssl_parse_finished	40	static
ssl_tls.c:5443:6:mbedtls_ssl_session_init	0	static
ssl_tls.c:5552:6:mbedtls_ssl_init	8	static
ssl_tls.c:5576:5:mbedtls_ssl_setup	32	static
ssl_tls.c:5753:5:mbedtls_ssl_session_reset	32	static
ssl_tls.c:5761:6:mbedtls_ssl_conf_endpoint	0	static
ssl_tls.c:5766:6:mbedtls_ssl_conf_transport	0	static
ssl_tls.c:5793:6:mbedtls_ssl_conf_authmode	0	static
ssl_tls.c:5799:6:mbedtls_ssl_conf_verify	0	static
ssl_tls.c:5808:6:mbedtls_ssl_conf_rng	0	static
ssl_tls.c:5816:6:mbedtls_ssl_conf_dbg	0	static
ssl_tls.c:5824:6:mbedtls_ssl_set_bio	4	static
ssl_tls.c:5836:6:mbedtls_ssl_conf_read_timeout	0	static
ssl_tls.c:5841:6:mbedtls_ssl_set_timer_cb	24	static
ssl_tls.c:5867:5:mbedtls_ssl_set_session	32	static
ssl_tls.c:5888:6:mbedtls_ssl_conf_ciphersuites	0	static
ssl_tls.c:5897:6:mbedtls_ssl_conf_ciphersuites_for_version	0	static
ssl_tls.c:5911:6:mbedtls_ssl_conf_cert_profile	0	static
ssl_tls.c:5948:5:mbedtls_ssl_conf_own_cert	16	static
ssl_tls.c:5955:6:mbedtls_ssl_conf_ca_chain	0	static
ssl_tls.c:5965:5:mbedtls_ssl_set_hs_own_cert	16	static
ssl_tls.c:5973:6:mbedtls_ssl_set_hs_ca_chain	0	static
ssl_tls.c:5981:6:mbedtls_ssl_set_hs_authmode	0	static
ssl_tls.c:6141:6:mbedtls_ssl_conf_sig_hashes	0	static
ssl_tls.c:6160:5:mbedtls_ssl_set_hostname	16	static
ssl_tls.c:6189:6:mbedtls_ssl_conf_sni	0	static
ssl_tls.c:6230:6:mbedtls_ssl_conf_max_version	0	static
ssl_tls.c:6236:6:mbedtls_ssl_conf_min_version	0	static
ssl_tls.c:6243:6:mbedtls_ssl_conf_fallback	0	static
ssl_tls.c:6250:6:mbedtls_ssl_conf_encrypt_then_mac	0	static
ssl_tls.c:6257:6:mbedtls_ssl_conf_extended_master_secret	0	static
ssl_tls.c:6264:6:mbedtls_ssl_conf_arc4_support	0	static
ssl_tls.c:6271:5:mbedtls_ssl_conf_max_frag_len	0	static
ssl_tls.c:6293:6:mbedtls_ssl_conf_truncated_hmac	0	static
ssl_tls.c:6300:6:mbedtls_ssl_conf_cbc_record_splitting	0	static
ssl_tls.c:6306:6:mbedtls_ssl_conf_legacy_renegotiation	0	static
ssl_tls.c:6312:6:mbedtls_ssl_conf_renegotiation	0	static
ssl_tls.c:6317:6:mbedtls_ssl_conf_renegotiation_enforced	0	static
ssl_tls.c:6322:6:mbedtls_ssl_conf_renegotiation_period	0	static
ssl_tls.c:6331:6:mbedtls_ssl_conf_session_tickets	0	static
ssl_tls.c:6351:6:mbedtls_ssl_conf_export_keys_cb	0	static
ssl_tls.c:6363:8:mbedtls_ssl_get_bytes_avail	0	static
ssl_tls.c:6368:10:mbedtls_ssl_get_verify_result	0	static
ssl_tls.c:6379:13:mbedtls_ssl_get_ciphersuite	0	static
ssl_tls.c:6387:13:mbedtls_ssl_get_version	0	static
ssl_tls.c:6425:5:mbedtls_ssl_get_record_expansion	16	static
ssl_tls.c:6460:8:mbedtls_ssl_get_max_frag_len	0	static
ssl_tls.c:6506:25:mbedtls_ssl_get_peer_cert	0	static
ssl_tls.c:6516:5:mbedtls_ssl_get_session	24	static
ssl_tls.c:6533:5:mbedtls_ssl_handshake_step	0	static
ssl_tls.c:6559:5:mbedtls_ssl_handshake	24	static
ssl_tls.c:6653:5:mbedtls_ssl_renegotiate	24	static
ssl_tls.c:6732:5:mbedtls_ssl_read	40	static
ssl_tls.c:7077:5:mbedtls_ssl_write	40	static
ssl_tls.c:7117:5:mbedtls_ssl_close_notify	32	static
ssl_tls.c:7145:6:mbedtls_ssl_transform_free	8	static
ssl_tls.c:7178:6:mbedtls_ssl_handshake_free	16	static
ssl_tls.c:7254:6:mbedtls_ssl_session_free	16	static
ssl_tls.c:7277:6:mbedtls_ssl_free	32	static
ssl_tls.c:7364:6:mbedtls_ssl_config_init	0	static
ssl_tls.c:7411:5:mbedtls_ssl_config_defaults	16	static
ssl_tls.c:7564:6:mbedtls_ssl_config_free	16	static
ssl_tls.c:7595:15:mbedtls_ssl_sig_from_pk	8	static
ssl_tls.c:7608:19:mbedtls_ssl_pk_alg_from_sig	0	static
ssl_tls.c:7629:19:mbedtls_ssl_md_alg_from_hash	0	static
ssl_tls.c:7661:15:mbedtls_ssl_hash_from_md_alg	0	static
ssl_tls.c:7715:5:mbedtls_ssl_check_sig_hash	0	static
ssl_tls.c:7732:5:mbedtls_ssl_check_cert_usage	0	static
ssl_tls.c:7831:6:mbedtls_ssl_write_version	0	static
ssl_tls.c:7853:6:mbedtls_ssl_read_version	0	static
ssl_tls.c:7875:5:mbedtls_ssl_set_calc_verify_md	0	static
ssl_tls.c:7918:5:mbedtls_ssl_set_dynamic_max_content_len	0	static
